// Vitest Snapshot v1, https://vitest.dev/guide/snapshot.html

exports[`Portfolio > should match snapshot 1`] = `
[
  <div
    className="heading headingTertiary"
  >
    <h2
      aria-label="Portfolio"
      className="title"
      data-test="heading-title"
    >
      Portfolio
    </h2>
    <p
      className="description"
      data-test="heading-description"
    >
      Here's a sample of my work. Hover over image for more information
    </p>
  </div>,
  <div
    className="portfolio"
    data-e2e="portfolio-items"
  >
    <div
      className="portfolioItem"
    >
      <div
        className="cube"
        style={{}}
      >
        <div
          className="browser"
        >
          <div
            className="bar"
          >
            <div
              className="icons"
            >
              <div
                className="icon"
              />
              <div
                className="icon"
              />
              <div
                className="icon"
              />
            </div>
            <div
              className="tab"
            >
              title
            </div>
          </div>
          <picture
            data-e2e="picture"
            title="title portfolio item"
          >
            <source
              data-test="picture-source-0"
              sizes="(min-width: 1200px) 33vw, (min-width: 768px) 50vw, 100vw"
              srcSet="file:///H:/projects/portfolio/src/components/Portfolio/img/webp/test-480.webp 480w, file:///H:/projects/portfolio/src/components/Portfolio/img/webp/test-640.webp 640w, file:///H:/projects/portfolio/src/components/Portfolio/img/webp/test-768.webp 768w, file:///H:/projects/portfolio/src/components/Portfolio/img/webp/test-1024.webp 1024w, file:///H:/projects/portfolio/src/components/Portfolio/img/webp/test-1280.webp 1280w"
              type="image/webp"
            />
            <source
              data-test="picture-source-1"
              sizes="(min-width: 1200px) 33vw, (min-width: 768px) 50vw, 100vw"
              srcSet="file:///H:/projects/portfolio/src/components/Portfolio/img/jpg/test-480.jpg 480w, file:///H:/projects/portfolio/src/components/Portfolio/img/jpg/test-640.jpg 640w, file:///H:/projects/portfolio/src/components/Portfolio/img/jpg/test-768.jpg 768w, file:///H:/projects/portfolio/src/components/Portfolio/img/jpg/test-1024.jpg 1024w, file:///H:/projects/portfolio/src/components/Portfolio/img/jpg/test-1280.jpg 1280w"
              type="image/jpg"
            />
            <img
              alt="title portfolio item"
              className="img"
              data-e2e="picture-img"
              data-test="picture-img"
              loading="lazy"
              src="file:///H:/projects/portfolio/src/components/Portfolio/img/jpg/test-1280.jpg"
            />
          </picture>
        </div>
        <div
          className="info"
        >
          <h3
            className="title"
          >
            title
          </h3>
          <p
            className="description"
          >
            description
          </p>
          <div
            className="buttons"
          >
            <a
              className="btn"
              href="url"
              rel="noopener noreferrer"
              target="_blank"
              title="Visit website"
            >
              Visit website
            </a>
            <a
              className="btn"
              href="source"
              rel="noopener noreferrer"
              target="_blank"
              title="View Souce"
            >
              View source
            </a>
          </div>
        </div>
      </div>
      <div
        className="labels"
      >
        <ul
          className="labels"
          data-test="labels"
        >
          <li
            className="label isSecondary"
          >
            2020
          </li>
          <li
            className="label isSecondary"
          >
            types
          </li>
          <li
            className="label isPrimary"
          >
            tech 1
          </li>
          <li
            className="label isPrimary"
          >
            tech 2
          </li>
        </ul>
      </div>
    </div>
    <div
      className="portfolioItem"
    >
      <div
        className="cube"
        style={{}}
      >
        <div
          className="browser"
        >
          <div
            className="bar"
          >
            <div
              className="icons"
            >
              <div
                className="icon"
              />
              <div
                className="icon"
              />
              <div
                className="icon"
              />
            </div>
            <div
              className="tab"
            >
              title
            </div>
          </div>
          <picture
            data-e2e="picture"
            title="title portfolio item"
          >
            <source
              data-test="picture-source-0"
              sizes="(min-width: 1200px) 33vw, (min-width: 768px) 50vw, 100vw"
              srcSet="file:///H:/projects/portfolio/src/components/Portfolio/img/webp/test-480.webp 480w, file:///H:/projects/portfolio/src/components/Portfolio/img/webp/test-640.webp 640w, file:///H:/projects/portfolio/src/components/Portfolio/img/webp/test-768.webp 768w, file:///H:/projects/portfolio/src/components/Portfolio/img/webp/test-1024.webp 1024w, file:///H:/projects/portfolio/src/components/Portfolio/img/webp/test-1280.webp 1280w"
              type="image/webp"
            />
            <source
              data-test="picture-source-1"
              sizes="(min-width: 1200px) 33vw, (min-width: 768px) 50vw, 100vw"
              srcSet="file:///H:/projects/portfolio/src/components/Portfolio/img/jpg/test-480.jpg 480w, file:///H:/projects/portfolio/src/components/Portfolio/img/jpg/test-640.jpg 640w, file:///H:/projects/portfolio/src/components/Portfolio/img/jpg/test-768.jpg 768w, file:///H:/projects/portfolio/src/components/Portfolio/img/jpg/test-1024.jpg 1024w, file:///H:/projects/portfolio/src/components/Portfolio/img/jpg/test-1280.jpg 1280w"
              type="image/jpg"
            />
            <img
              alt="title portfolio item"
              className="img"
              data-e2e="picture-img"
              data-test="picture-img"
              loading="lazy"
              src="file:///H:/projects/portfolio/src/components/Portfolio/img/jpg/test-1280.jpg"
            />
          </picture>
        </div>
        <div
          className="info"
        >
          <h3
            className="title"
          >
            title
          </h3>
          <p
            className="description"
          >
            description
          </p>
          <div
            className="buttons"
          >
            <a
              className="btn"
              href="url"
              rel="noopener noreferrer"
              target="_blank"
              title="Visit website"
            >
              Visit website
            </a>
          </div>
        </div>
      </div>
      <div
        className="labels"
      >
        <ul
          className="labels"
          data-test="labels"
        >
          <li
            className="label isSecondary"
          >
            2020
          </li>
          <li
            className="label isSecondary"
          >
            2021
          </li>
          <li
            className="label isSecondary"
          >
            types
          </li>
          <li
            className="label isPrimary"
          >
            tech 1
          </li>
          <li
            className="label isPrimary"
          >
            tech 2
          </li>
          <li
            className="label isPrimary"
          >
            tech 3
          </li>
        </ul>
      </div>
    </div>
  </div>,
]
`;
