// Jest Snapshot v1, https://goo.gl/fbAQLP

exports[`PortfolioIcons should match snapshot 1`] = `
<DocumentFragment>
  <div
    class="bar"
  >
    <div
      class="icons"
    >
      <div
        class="icon"
      />
      <div
        class="icon"
      />
      <div
        class="icon"
      />
    </div>
    <div
      class="tab"
    >
      test title
    </div>
  </div>
</DocumentFragment>
`;
