// Jest Snapshot v1, https://goo.gl/fbAQLP

exports[`PortfolioIcons should match snapshot 1`] = `
<div
  className="bar"
>
  <div
    className="icons"
  >
    <div
      className="icon"
    />
    <div
      className="icon"
    />
    <div
      className="icon"
    />
  </div>
  <div
    className="tab"
  >
    test title
  </div>
</div>
`;
