// Jest Snapshot v1, https://goo.gl/fbAQLP

exports[`Portfolio should match snapshot 1`] = `
Array [
  <div
    className="heading headingTertiary"
  >
    <h2
      aria-label="Portfolio"
      className="title"
      data-test="heading-title"
    >
      Portfolio
    </h2>
    <p
      className="description"
      data-test="heading-description"
    >
      Here's a sample of my work. Hover over image for more information
    </p>
  </div>,
  <div
    className="portfolio"
    data-e2e="portfolio-items"
  >
    <div
      className="portfolioItem"
    >
      <div
        className="cube"
        style={Object {}}
      >
        <div
          className="browser"
        >
          <div
            className="bar"
          >
            <div
              className="icons"
            >
              <div
                className="icon"
              />
              <div
                className="icon"
              />
              <div
                className="icon"
              />
            </div>
            <div
              className="tab"
            >
              title
            </div>
          </div>
          <picture
            data-e2e="picture"
            title="title portfolio item"
          >
            <source
              data-test="picture-source-0"
              srcSet="test.avif"
              type="image/avif"
            />
            <source
              data-test="picture-source-1"
              srcSet="test.webp"
              type="image/webp"
            />
            <source
              data-test="picture-source-2"
              srcSet="test.jpg"
              type="image/jpg"
            />
            <img
              alt="title portfolio item"
              className="img"
              data-e2e="picture-img"
              data-test="picture-img"
              loading="lazy"
              src="test.jpg"
            />
          </picture>
        </div>
        <div
          className="info"
        >
          <h3
            className="title"
          >
            title
          </h3>
          <p
            className="description"
          >
            description
          </p>
          <div
            className="buttons"
          >
            <a
              className="btn"
              href="url"
              rel="noopener noreferrer"
              target="_blank"
              title="Visit website"
            >
              Visit website
            </a>
            <a
              className="btn"
              href="source"
              rel="noopener noreferrer"
              target="_blank"
              title="View Souce"
            >
              View source
            </a>
          </div>
        </div>
      </div>
      <div
        className="labels"
      >
        <ul
          className="labels"
          data-test="labels"
        >
          <li
            className="label isSecondary"
          >
            2020
          </li>
          <li
            className="label isSecondary"
          >
            types
          </li>
        </ul>
      </div>
      <ul
        className="labels"
        data-test="labels"
      >
        <li
          className="label isPrimary"
        >
          tech 1
        </li>
        <li
          className="label isPrimary"
        >
          tech 2
        </li>
      </ul>
    </div>
    <div
      className="portfolioItem"
    >
      <div
        className="cube"
        style={Object {}}
      >
        <div
          className="browser"
        >
          <div
            className="bar"
          >
            <div
              className="icons"
            >
              <div
                className="icon"
              />
              <div
                className="icon"
              />
              <div
                className="icon"
              />
            </div>
            <div
              className="tab"
            >
              title
            </div>
          </div>
          <picture
            data-e2e="picture"
            title="title portfolio item"
          >
            <source
              data-test="picture-source-0"
              srcSet="test.avif"
              type="image/avif"
            />
            <source
              data-test="picture-source-1"
              srcSet="test.webp"
              type="image/webp"
            />
            <source
              data-test="picture-source-2"
              srcSet="test.jpg"
              type="image/jpg"
            />
            <img
              alt="title portfolio item"
              className="img"
              data-e2e="picture-img"
              data-test="picture-img"
              loading="lazy"
              src="test.jpg"
            />
          </picture>
        </div>
        <div
          className="info"
        >
          <h3
            className="title"
          >
            title
          </h3>
          <p
            className="description"
          >
            description
          </p>
          <div
            className="buttons"
          >
            <a
              className="btn"
              href="url"
              rel="noopener noreferrer"
              target="_blank"
              title="Visit website"
            >
              Visit website
            </a>
          </div>
        </div>
      </div>
      <div
        className="labels"
      >
        <ul
          className="labels"
          data-test="labels"
        >
          <li
            className="label isSecondary"
          >
            2020
          </li>
          <li
            className="label isSecondary"
          >
            2021
          </li>
          <li
            className="label isSecondary"
          >
            types
          </li>
        </ul>
      </div>
      <ul
        className="labels"
        data-test="labels"
      >
        <li
          className="label isPrimary"
        >
          tech 1
        </li>
        <li
          className="label isPrimary"
        >
          tech 2
        </li>
        <li
          className="label isPrimary"
        >
          tech 3
        </li>
      </ul>
    </div>
  </div>,
]
`;
