// Jest Snapshot v1, https://goo.gl/fbAQLP

exports[`Portfolio should match snapshot 1`] = `
<DocumentFragment>
  <div
    class="heading headingTertiary"
    data-testid="header"
  >
    <h2
      aria-label="Portfolio"
      class="title"
    >
      Portfolio
    </h2>
    <p
      class="description"
    >
      Here's a sample of my work. Hover over image for more information
    </p>
  </div>
  <div
    class="portfolio"
    data-e2e="portfolio-items"
  >
    <div
      class="portfolioItem"
    >
      <div
        class="cube"
      >
        <div
          class="browser"
        >
          <div
            class="bar"
          >
            <div
              class="icons"
            >
              <div
                class="icon"
              />
              <div
                class="icon"
              />
              <div
                class="icon"
              />
            </div>
            <div
              class="tab"
            >
              title
            </div>
          </div>
          <picture
            data-e2e="picture"
            data-testid="picture"
            title="title portfolio item"
          >
            <source
              data-testid="picture-source-0"
              sizes="(min-width: 1200px) 33vw, (min-width: 768px) 50vw, 100vw"
              srcset="test-480.webp 480w, test-640.webp 640w, test-768.webp 768w, test-1024.webp 1024w, test-1280.webp 1280w"
              type="image/webp"
            />
            <source
              data-testid="picture-source-1"
              sizes="(min-width: 1200px) 33vw, (min-width: 768px) 50vw, 100vw"
              srcset="test-480.jpg 480w, test-640.jpg 640w, test-768.jpg 768w, test-1024.jpg 1024w, test-1280.jpg 1280w"
              type="image/jpg"
            />
            <img
              alt="title portfolio item"
              class="img"
              data-e2e="picture-img"
              data-testid="picture-img"
              loading="lazy"
              src="test-1280.jpg"
            />
          </picture>
        </div>
        <div
          class="info"
        >
          <h3
            class="title"
          >
            title
          </h3>
          <p
            class="description"
          >
            description
          </p>
          <div
            class="buttons"
          >
            <a
              class="btn"
              href="url"
              rel="noopener noreferrer"
              target="_blank"
              title="Visit website"
            >
              Visit website
            </a>
            <a
              class="btn"
              href="source"
              rel="noopener noreferrer"
              target="_blank"
              title="View Souce"
            >
              View source
            </a>
          </div>
        </div>
      </div>
      <div
        class="labels"
      >
        <ul
          class="labels"
          data-testid="labels"
        >
          <li
            class="label isSecondary"
            data-testid="label"
          >
            2020
          </li>
          <li
            class="label isSecondary"
            data-testid="label"
          >
            types
          </li>
          <li
            class="label isPrimary"
            data-testid="label"
          >
            tech 1
          </li>
          <li
            class="label isPrimary"
            data-testid="label"
          >
            tech 2
          </li>
        </ul>
      </div>
    </div>
    <div
      class="portfolioItem"
    >
      <div
        class="cube"
      >
        <div
          class="browser"
        >
          <div
            class="bar"
          >
            <div
              class="icons"
            >
              <div
                class="icon"
              />
              <div
                class="icon"
              />
              <div
                class="icon"
              />
            </div>
            <div
              class="tab"
            >
              title
            </div>
          </div>
          <picture
            data-e2e="picture"
            data-testid="picture"
            title="title portfolio item"
          >
            <source
              data-testid="picture-source-0"
              sizes="(min-width: 1200px) 33vw, (min-width: 768px) 50vw, 100vw"
              srcset="test-480.webp 480w, test-640.webp 640w, test-768.webp 768w, test-1024.webp 1024w, test-1280.webp 1280w"
              type="image/webp"
            />
            <source
              data-testid="picture-source-1"
              sizes="(min-width: 1200px) 33vw, (min-width: 768px) 50vw, 100vw"
              srcset="test-480.jpg 480w, test-640.jpg 640w, test-768.jpg 768w, test-1024.jpg 1024w, test-1280.jpg 1280w"
              type="image/jpg"
            />
            <img
              alt="title portfolio item"
              class="img"
              data-e2e="picture-img"
              data-testid="picture-img"
              loading="lazy"
              src="test-1280.jpg"
            />
          </picture>
        </div>
        <div
          class="info"
        >
          <h3
            class="title"
          >
            title
          </h3>
          <p
            class="description"
          >
            description
          </p>
          <div
            class="buttons"
          >
            <a
              class="btn"
              href="url"
              rel="noopener noreferrer"
              target="_blank"
              title="Visit website"
            >
              Visit website
            </a>
          </div>
        </div>
      </div>
      <div
        class="labels"
      >
        <ul
          class="labels"
          data-testid="labels"
        >
          <li
            class="label isSecondary"
            data-testid="label"
          >
            2020
          </li>
          <li
            class="label isSecondary"
            data-testid="label"
          >
            2021
          </li>
          <li
            class="label isSecondary"
            data-testid="label"
          >
            types
          </li>
          <li
            class="label isPrimary"
            data-testid="label"
          >
            tech 1
          </li>
          <li
            class="label isPrimary"
            data-testid="label"
          >
            tech 2
          </li>
          <li
            class="label isPrimary"
            data-testid="label"
          >
            tech 3
          </li>
        </ul>
      </div>
    </div>
  </div>
</DocumentFragment>
`;
