// Jest Snapshot v1, https://goo.gl/fbAQLP

exports[`Image should match snapshot 1`] = `
<DocumentFragment>
  <div
    class="container"
  >
    <img
      alt="alt text"
      class="image"
      loading="lazy"
      src="test.jpg"
      title="alt text"
      width="50"
    />
  </div>
</DocumentFragment>
`;
