// Vitest Snapshot v1, https://vitest.dev/guide/snapshot.html

exports[`TestimonialsItem > should match snapshot 1`] = `
[
  <p
    className="text"
  >
    Description
  </p>,
  <p
    className="name"
  >
    Author
     (
    Position
    )
  </p>,
  <p
    className="company"
  >
    Company
  </p>,
]
`;
