// Jest Snapshot v1, https://goo.gl/fbAQLP

exports[`Hamburger should match snapshot 1`] = `
<DocumentFragment>
  <div
    class="container"
  >
    <button
      class="hamburger"
      data-e2e="hambuger"
      type="button"
    >
      <span
        class="menu"
      >
        toggle menu
      </span>
    </button>
    <div
      class="background"
    />
  </div>
</DocumentFragment>
`;
