// Jest Snapshot v1, https://goo.gl/fbAQLP

exports[`Header should match snapshot 1`] = `
<DocumentFragment>
  <div
    class="heading headingPrimary"
    data-testid="header"
  >
    <h2
      aria-label="Test Title"
      class="title"
    >
      Test Title
    </h2>
    <p
      class="description"
    >
      text
    </p>
  </div>
</DocumentFragment>
`;
