// Vitest Snapshot v1, https://vitest.dev/guide/snapshot.html

exports[`Header > should match snapshot 1`] = `
<div
  className="_heading_f4f7a7 _headingPrimary_f4f7a7"
>
  <h2
    aria-label="Test Title"
    className="_title_f4f7a7"
    data-test="heading-title"
  >
    Test Title
  </h2>
  <p
    className="_description_f4f7a7"
    data-test="heading-description"
  >
    text
  </p>
</div>
`;
