// Jest Snapshot v1, https://goo.gl/fbAQLP

exports[`Picture should match snapshot 1`] = `
<picture
  data-e2e="picture"
  title="test title"
>
  <source
    data-test="picture-source-0"
    srcSet="test.avif"
    type="image/avif"
  />
  <source
    data-test="picture-source-1"
    srcSet="test.webp"
    type="image/webp"
  />
  <img
    alt="test title"
    className="img"
    data-e2e="picture-img"
    data-test="picture-img"
    loading="auto"
    src="test.webp"
  />
</picture>
`;
