// Jest Snapshot v1, https://goo.gl/fbAQLP

exports[`Picture should match snapshot 1`] = `
<DocumentFragment>
  <picture
    data-e2e="picture"
    data-testid="picture"
    title="test title"
  >
    <source
      data-testid="picture-source-0"
      srcset="test-480.avif 480w, test-640.avif 640w"
      type="image/avif"
    />
    <source
      data-testid="picture-source-1"
      srcset="test-480.webp 480w, test-640.webp 640w"
      type="image/webp"
    />
    <source
      data-testid="picture-source-2"
      srcset="test-480.jpg 480w, test-640.jpg 640w"
      type="image/jpg"
    />
    <img
      alt="test title"
      class="img"
      data-e2e="picture-img"
      data-testid="picture-img"
      loading="auto"
      src="test-640.jpg"
      width="50"
    />
  </picture>
</DocumentFragment>
`;
