// Jest Snapshot v1, https://goo.gl/fbAQLP

exports[`Picture should match snapshot 1`] = `
<picture
  data-e2e="picture"
  title="test name"
>
  <source
    data-test="picture-source-0"
    srcSet="test src"
    type="image/jpg"
  />
  <img
    alt="test name"
    className="img"
    data-test="picture-img"
    src="test src"
  />
</picture>
`;
