// Jest Snapshot v1, https://goo.gl/fbAQLP

exports[`Section should match snapshot 1`] = `
<DocumentFragment>
  <section
    class="section bgPrimary"
    data-testid="section"
    id="test"
  >
    <div
      class="container"
      data-testid="section-container"
    >
      <p>
        test
      </p>
    </div>
  </section>
</DocumentFragment>
`;
