// Jest Snapshot v1, https://goo.gl/fbAQLP

exports[`Hero should match snapshot 1`] = `
<div
  className="hero"
>
  <div
    className="img"
    data-e2e="hero-img"
    data-timer={7000}
    style={
      Object {
        "filter": "blur(0px)",
      }
    }
  >
    <picture
      data-e2e="picture"
      title="Various gaming consoles and peripherals"
    >
      <source
        data-test="picture-source-0"
        media="(orientation: portrait)"
        srcSet="lorenzo-herrera-p0j-mE6mGo4-unsplash-640.jpg 640w, lorenzo-herrera-p0j-mE6mGo4-unsplash-768.jpg 768w, lorenzo-herrera-p0j-mE6mGo4-unsplash-1280.jpg 1280w, lorenzo-herrera-p0j-mE6mGo4-unsplash-1536.jpg 1536w, lorenzo-herrera-p0j-mE6mGo4-unsplash-2048.jpg 2048w"
        type="image/jpg"
      />
      <source
        data-test="picture-source-1"
        media="(orientation: landscape)"
        srcSet="lorenzo-herrera-p0j-mE6mGo4-unsplash-1366.jpg 1366w, lorenzo-herrera-p0j-mE6mGo4-unsplash-1600.jpg 1600w, lorenzo-herrera-p0j-mE6mGo4-unsplash-1920.jpg 1920w, lorenzo-herrera-p0j-mE6mGo4-unsplash-2560.jpg 2560w"
        type="image/jpg"
      />
      <img
        alt="Various gaming consoles and peripherals"
        className="img fullscreen"
        data-e2e="picture-img"
        data-test="picture-img"
        loading="auto"
        src="lorenzo-herrera-p0j-mE6mGo4-unsplash-2560.jpg"
      />
    </picture>
    <picture
      data-e2e="picture"
      title="Snow-capped trees with aurora borealis in background"
    >
      <source
        data-test="picture-source-0"
        media="(orientation: portrait)"
        srcSet="maria-vojtovicova-SPvJPDXEmqA-unsplash-640.jpg 640w, maria-vojtovicova-SPvJPDXEmqA-unsplash-768.jpg 768w, maria-vojtovicova-SPvJPDXEmqA-unsplash-1280.jpg 1280w, maria-vojtovicova-SPvJPDXEmqA-unsplash-1536.jpg 1536w, maria-vojtovicova-SPvJPDXEmqA-unsplash-2048.jpg 2048w"
        type="image/jpg"
      />
      <source
        data-test="picture-source-1"
        media="(orientation: landscape)"
        srcSet="maria-vojtovicova-SPvJPDXEmqA-unsplash-1366.jpg 1366w, maria-vojtovicova-SPvJPDXEmqA-unsplash-1600.jpg 1600w, maria-vojtovicova-SPvJPDXEmqA-unsplash-1920.jpg 1920w, maria-vojtovicova-SPvJPDXEmqA-unsplash-2560.jpg 2560w"
        type="image/jpg"
      />
      <img
        alt="Snow-capped trees with aurora borealis in background"
        className="img fullscreen"
        data-e2e="picture-img"
        data-test="picture-img"
        loading="auto"
        onLoad={[Function]}
        src="maria-vojtovicova-SPvJPDXEmqA-unsplash-2560.jpg"
      />
    </picture>
  </div>
</div>
`;
