// Jest Snapshot v1, https://goo.gl/fbAQLP

exports[`Hero should match snapshot 1`] = `
<div
  className="hero"
>
  <div
    className="img"
    data-e2e="hero-img"
    style={
      Object {
        "filter": "blur(0px)",
      }
    }
  >
    <picture
      data-e2e="picture"
      title="Rocks in water with Milky Way Galaxy in the background"
    >
      <source
        data-test="picture-source-0"
        srcSet="luca-baggio-eKU3JGNCCMg-unsplash.avif"
        type="image/avif"
      />
      <source
        data-test="picture-source-1"
        srcSet="luca-baggio-eKU3JGNCCMg-unsplash.webp"
        type="image/webp"
      />
      <source
        data-test="picture-source-2"
        srcSet="luca-baggio-eKU3JGNCCMg-unsplash.jpg"
        type="image/jpg"
      />
      <img
        alt="Rocks in water with Milky Way Galaxy in the background"
        className="img"
        data-test="picture-img"
        src="luca-baggio-eKU3JGNCCMg-unsplash.jpg"
      />
    </picture>
    <picture
      data-e2e="picture"
      title="Snow caps trees with aurora borealis in background"
    >
      <source
        data-test="picture-source-0"
        srcSet="maria-vojtovicova-SPvJPDXEmqA-unsplash.avif"
        type="image/avif"
      />
      <source
        data-test="picture-source-1"
        srcSet="maria-vojtovicova-SPvJPDXEmqA-unsplash.webp"
        type="image/webp"
      />
      <source
        data-test="picture-source-2"
        srcSet="maria-vojtovicova-SPvJPDXEmqA-unsplash.jpg"
        type="image/jpg"
      />
      <img
        alt="Snow caps trees with aurora borealis in background"
        className="img"
        data-test="picture-img"
        onLoad={[Function]}
        src="maria-vojtovicova-SPvJPDXEmqA-unsplash.jpg"
      />
    </picture>
  </div>
</div>
`;
