// Jest Snapshot v1, https://goo.gl/fbAQLP

exports[`PortfolioItem should match snapshot 1`] = `
<div
  className="portfolioItem"
>
  <div
    className="cube"
    style={Object {}}
  >
    <div
      className="browser"
    >
      <div
        className="bar"
      >
        <div
          className="icons"
        >
          <div
            className="icon"
          />
          <div
            className="icon"
          />
          <div
            className="icon"
          />
        </div>
        <div
          className="tab"
        >
          Title
        </div>
      </div>
      <picture
        data-e2e="picture"
        title="Title portfolio item"
      >
        <source
          data-test="picture-source-0"
          sizes="(min-width: 1200px) 33vw, (min-width: 768px) 50vw, 100vw"
          srcSet="test-480.webp 480w, test-640.webp 640w, test-768.webp 768w, test-1024.webp 1024w, test-1280.webp 1280w"
          type="image/webp"
        />
        <source
          data-test="picture-source-1"
          sizes="(min-width: 1200px) 33vw, (min-width: 768px) 50vw, 100vw"
          srcSet="test-480.jpg 480w, test-640.jpg 640w, test-768.jpg 768w, test-1024.jpg 1024w, test-1280.jpg 1280w"
          type="image/jpg"
        />
        <img
          alt="Title portfolio item"
          className="img"
          data-e2e="picture-img"
          data-test="picture-img"
          loading="lazy"
          src="test-1280.jpg"
        />
      </picture>
    </div>
    <div
      className="info"
    >
      <h3
        className="title"
      >
        Title
      </h3>
      <p
        className="description"
      >
        Description
      </p>
      <div
        className="buttons"
      >
        <a
          className="btn"
          href="url.com"
          rel="noopener noreferrer"
          target="_blank"
          title="Visit website"
        >
          Visit website
        </a>
        <a
          className="btn"
          href="source"
          rel="noopener noreferrer"
          target="_blank"
          title="View Souce"
        >
          View source
        </a>
      </div>
    </div>
  </div>
  <div
    className="labels"
  >
    <ul
      className="labels"
      data-test="labels"
    >
      <li
        className="label isSecondary"
      >
        2020
      </li>
      <li
        className="label isSecondary"
      >
        Personal
      </li>
      <li
        className="label isPrimary"
      >
        Tech
      </li>
      <li
        className="label isPrimary"
      >
        Tech 2
      </li>
    </ul>
  </div>
</div>
`;
