// Vitest Snapshot v1, https://vitest.dev/guide/snapshot.html

exports[`Navigation > should match snapshot 1`] = `
<nav
  className="navigation"
  id="nav"
  role="navigation"
>
  <ul
    className="menu"
    data-e2e="navigation"
  >
    <li
      className="menuItem"
    >
      <a
        className="link"
        data-e2e="navigation-profile"
        onClick={[Function]}
      >
        Profile
      </a>
    </li>
    <li
      className="menuItem"
    >
      <a
        className="link"
        data-e2e="navigation-skills"
        onClick={[Function]}
      >
        Skills
      </a>
    </li>
    <li
      className="menuItem"
    >
      <a
        className="link"
        data-e2e="navigation-older-skills"
        onClick={[Function]}
      >
        Older Skills
      </a>
    </li>
    <li
      className="menuItem"
    >
      <a
        className="link"
        data-e2e="navigation-stack"
        onClick={[Function]}
      >
        Stack
      </a>
    </li>
    <li
      className="menuItem"
    >
      <a
        className="link"
        data-e2e="navigation-portfolio"
        onClick={[Function]}
      >
        Portfolio
      </a>
    </li>
    <li
      className="menuItem"
    >
      <a
        className="link"
        data-e2e="navigation-testimonials"
        onClick={[Function]}
      >
        Testimonials
      </a>
    </li>
    <li
      className="menuItem"
    >
      <a
        className="link"
        data-e2e="navigation-contact"
        onClick={[Function]}
      >
        Contact
      </a>
    </li>
  </ul>
  <div
    className="container"
  >
    <button
      className="hamburger"
      data-e2e="hambuger"
      onClick={[Function]}
      type="button"
    >
      <span
        className="menu"
      >
        toggle menu
      </span>
    </button>
    <div
      className="background"
    />
  </div>
</nav>
`;
