// Jest Snapshot v1, https://goo.gl/fbAQLP

exports[`NavigationMenu should match snapshot 1`] = `
<DocumentFragment>
  <ul
    class="menu"
    data-e2e="navigation"
  >
    <li
      class="menuItem"
    >
      <a
        class="link"
        data-e2e="navigation-item-1"
      >
        Item 1
      </a>
    </li>
    <li
      class="menuItem"
    >
      <a
        class="link"
        data-e2e="navigation-item-2"
      >
        Item 2
      </a>
    </li>
    <li
      class="menuItem"
    >
      <a
        class="link"
        data-e2e="navigation-item-3"
      >
        Item 3
      </a>
    </li>
  </ul>
</DocumentFragment>
`;
