// Jest Snapshot v1, https://goo.gl/fbAQLP

exports[`Navigation should match snapshot 1`] = `
<DocumentFragment>
  <nav
    class="navigation"
    id="nav"
    role="navigation"
  >
    <ul
      class="menu"
      data-e2e="navigation"
    >
      <li
        class="menuItem"
      >
        <a
          class="link"
          data-e2e="navigation-profile"
        >
          Profile
        </a>
      </li>
      <li
        class="menuItem"
      >
        <a
          class="link"
          data-e2e="navigation-skills"
        >
          Skills
        </a>
      </li>
      <li
        class="menuItem"
      >
        <a
          class="link"
          data-e2e="navigation-older-skills"
        >
          Older Skills
        </a>
      </li>
      <li
        class="menuItem"
      >
        <a
          class="link"
          data-e2e="navigation-stack"
        >
          Stack
        </a>
      </li>
      <li
        class="menuItem"
      >
        <a
          class="link"
          data-e2e="navigation-portfolio"
        >
          Portfolio
        </a>
      </li>
      <li
        class="menuItem"
      >
        <a
          class="link"
          data-e2e="navigation-testimonials"
        >
          Testimonials
        </a>
      </li>
      <li
        class="menuItem"
      >
        <a
          class="link"
          data-e2e="navigation-contact"
        >
          Contact
        </a>
      </li>
    </ul>
    <div
      class="container"
    >
      <button
        class="hamburger"
        data-e2e="hambuger"
        type="button"
      >
        <span
          class="menu"
        >
          toggle menu
        </span>
      </button>
      <div
        class="background"
      />
    </div>
  </nav>
</DocumentFragment>
`;
