// Vitest Snapshot v1, https://vitest.dev/guide/snapshot.html

exports[`Navigation > should match snapshot 1`] = `
<nav
  className="_navigation_35559a"
  id="nav"
  role="navigation"
>
  <ul
    className="_menu_2b860d"
    data-e2e="navigation"
  >
    <li
      className="_menuItem_2b860d"
    >
      <a
        className="_link_2b860d"
        data-e2e="navigation-profile"
        onClick={[Function]}
      >
        Profile
      </a>
    </li>
    <li
      className="_menuItem_2b860d"
    >
      <a
        className="_link_2b860d"
        data-e2e="navigation-skills"
        onClick={[Function]}
      >
        Skills
      </a>
    </li>
    <li
      className="_menuItem_2b860d"
    >
      <a
        className="_link_2b860d"
        data-e2e="navigation-older-skills"
        onClick={[Function]}
      >
        Older Skills
      </a>
    </li>
    <li
      className="_menuItem_2b860d"
    >
      <a
        className="_link_2b860d"
        data-e2e="navigation-stack"
        onClick={[Function]}
      >
        Stack
      </a>
    </li>
    <li
      className="_menuItem_2b860d"
    >
      <a
        className="_link_2b860d"
        data-e2e="navigation-portfolio"
        onClick={[Function]}
      >
        Portfolio
      </a>
    </li>
    <li
      className="_menuItem_2b860d"
    >
      <a
        className="_link_2b860d"
        data-e2e="navigation-testimonials"
        onClick={[Function]}
      >
        Testimonials
      </a>
    </li>
    <li
      className="_menuItem_2b860d"
    >
      <a
        className="_link_2b860d"
        data-e2e="navigation-contact"
        onClick={[Function]}
      >
        Contact
      </a>
    </li>
  </ul>
  <div
    className="_container_2eafce"
  >
    <button
      className="_hamburger_2eafce"
      data-e2e="hambuger"
      onClick={[Function]}
      type="button"
    >
      <span
        className="_menu_2eafce"
      >
        toggle menu
      </span>
    </button>
    <div
      className="_background_2eafce"
    />
  </div>
</nav>
`;
