// Jest Snapshot v1, https://goo.gl/fbAQLP

exports[`NavigationMenu should match snapshot 1`] = `
<ul
  className="menu"
  data-e2e="navigation"
>
  <li
    className="menuItem"
  >
    <a
      className="link"
      data-e2e="navigation-item-1"
      onClick={[Function]}
    >
      Item 1
    </a>
  </li>
  <li
    className="menuItem"
  >
    <a
      className="link"
      data-e2e="navigation-item-2"
      onClick={[Function]}
    >
      Item 2
    </a>
  </li>
  <li
    className="menuItem"
  >
    <a
      className="link"
      data-e2e="navigation-item-3"
      onClick={[Function]}
    >
      Item 3
    </a>
  </li>
</ul>
`;
