// Vitest Snapshot v1, https://vitest.dev/guide/snapshot.html

exports[`Label > should match snapshot 1`] = `
<ul
  className="labels"
  data-test="labels"
>
  <li
    className="label isPrimary"
  >
    label 1
  </li>
  <li
    className="label isPrimary"
  >
    label 2
  </li>
  <li
    className="label isPrimary"
  >
    label 3
  </li>
  <li
    className="label isSecondary"
  >
    label 4
  </li>
  <li
    className="label isSecondary"
  >
    label 5
  </li>
</ul>
`;
