// Jest Snapshot v1, https://goo.gl/fbAQLP

exports[`Label should match snapshot 1`] = `
<DocumentFragment>
  <ul
    class="labels"
    data-testid="labels"
  >
    <li
      class="label isPrimary"
      data-testid="label"
    >
      label 1
    </li>
    <li
      class="label isPrimary"
      data-testid="label"
    >
      label 2
    </li>
    <li
      class="label isPrimary"
      data-testid="label"
    >
      label 3
    </li>
    <li
      class="label isSecondary"
      data-testid="label"
    >
      label 4
    </li>
    <li
      class="label isSecondary"
      data-testid="label"
    >
      label 5
    </li>
  </ul>
</DocumentFragment>
`;
