// Vitest Snapshot v1, https://vitest.dev/guide/snapshot.html

exports[`Label > should match snapshot 1`] = `
<ul
  className="_labels_591528"
  data-test="labels"
>
  <li
    className="_label_103219 _isPrimary_103219"
  >
    label 1
  </li>
  <li
    className="_label_103219 _isPrimary_103219"
  >
    label 2
  </li>
  <li
    className="_label_103219 _isPrimary_103219"
  >
    label 3
  </li>
  <li
    className="_label_103219 _isSecondary_103219"
  >
    label 4
  </li>
  <li
    className="_label_103219 _isSecondary_103219"
  >
    label 5
  </li>
</ul>
`;
