// Jest Snapshot v1, https://goo.gl/fbAQLP

exports[`CurrentStack should match snapshot 1`] = `
Array [
  <div
    className="heading headingPrimary"
  >
    <h2
      aria-label="Current Stack"
      className="title"
      data-test="heading-title"
    >
      Current Stack
    </h2>
    <p
      className="description"
      data-test="heading-description"
    >
      I spend most of my time with these technologies / tools / methodologies
    </p>
  </div>,
  <div
    className="stack"
    data-test="stack-items"
  >
    <div
      className="item"
    >
      <a
        data-test="stack-item-link"
        href="https://reactjs.org/"
        rel="noopener noreferrer"
        target="_blank"
      >
        <div
          className="container"
        >
          <img
            alt="React"
            className="image"
            height="58"
            loading="lazy"
            src={
              Object {
                "ReactComponent": Object {
                  "$$typeof": Symbol(react.forward_ref),
                  "render": [Function],
                },
                "__esModule": true,
                "default": "react.svg",
              }
            }
            title="React"
            width="65"
          />
        </div>
      </a>
    </div>
    <div
      className="item"
    >
      <a
        data-test="stack-item-link"
        href="https://nodejs.org/en/"
        rel="noopener noreferrer"
        target="_blank"
      >
        <div
          className="container"
        >
          <img
            alt="NodeJS"
            className="image"
            height="55"
            loading="lazy"
            src={
              Object {
                "ReactComponent": Object {
                  "$$typeof": Symbol(react.forward_ref),
                  "render": [Function],
                },
                "__esModule": true,
                "default": "nodejs.svg",
              }
            }
            title="NodeJS"
            width="90"
          />
        </div>
      </a>
    </div>
    <div
      className="item"
    >
      <a
        data-test="stack-item-link"
        href="https://vuejs.org/"
        rel="noopener noreferrer"
        target="_blank"
      >
        <div
          className="container"
        >
          <img
            alt="VueJS"
            className="image"
            height="62"
            loading="lazy"
            src={
              Object {
                "ReactComponent": Object {
                  "$$typeof": Symbol(react.forward_ref),
                  "render": [Function],
                },
                "__esModule": true,
                "default": "vuejs.svg",
              }
            }
            title="VueJS"
            width="60"
          />
        </div>
      </a>
    </div>
    <div
      className="item"
    >
      <a
        data-test="stack-item-link"
        href="https://www.npmjs.com/"
        rel="noopener noreferrer"
        target="_blank"
      >
        <div
          className="container"
        >
          <img
            alt="NPM"
            className="image"
            height="35"
            loading="lazy"
            src={
              Object {
                "ReactComponent": Object {
                  "$$typeof": Symbol(react.forward_ref),
                  "render": [Function],
                },
                "__esModule": true,
                "default": "npm.svg",
              }
            }
            title="NPM"
            width="90"
          />
        </div>
      </a>
    </div>
    <div
      className="item"
    >
      <a
        data-test="stack-item-link"
        href="https://webpack.js.org/"
        rel="noopener noreferrer"
        target="_blank"
      >
        <div
          className="container"
        >
          <img
            alt="Webpack"
            className="image"
            height="75"
            loading="lazy"
            src={
              Object {
                "ReactComponent": Object {
                  "$$typeof": Symbol(react.forward_ref),
                  "render": [Function],
                },
                "__esModule": true,
                "default": "webpack.svg",
              }
            }
            title="Webpack"
            width="75"
          />
        </div>
      </a>
    </div>
    <div
      className="item"
    >
      <a
        data-test="stack-item-link"
        href="https://yarnpkg.com"
        rel="noopener noreferrer"
        target="_blank"
      >
        <div
          className="container"
        >
          <img
            alt="Yarn"
            className="image"
            height="58"
            loading="lazy"
            src={
              Object {
                "ReactComponent": Object {
                  "$$typeof": Symbol(react.forward_ref),
                  "render": [Function],
                },
                "__esModule": true,
                "default": "yarn.svg",
              }
            }
            title="Yarn"
            width="130"
          />
        </div>
      </a>
    </div>
    <div
      className="item"
    >
      <a
        data-test="stack-item-link"
        href="https://eslint.org/"
        rel="noopener noreferrer"
        target="_blank"
      >
        <div
          className="container"
        >
          <img
            alt="ESLint"
            className="image"
            height="66"
            loading="lazy"
            src={
              Object {
                "ReactComponent": Object {
                  "$$typeof": Symbol(react.forward_ref),
                  "render": [Function],
                },
                "__esModule": true,
                "default": "eslint.svg",
              }
            }
            title="ESLint"
            width="75"
          />
        </div>
      </a>
    </div>
    <div
      className="item"
    >
      <a
        data-test="stack-item-link"
        href="https://jestjs.io/"
        rel="noopener noreferrer"
        target="_blank"
      >
        <div
          className="container"
        >
          <img
            alt="Jest"
            className="image"
            height="55"
            loading="lazy"
            src={
              Object {
                "ReactComponent": Object {
                  "$$typeof": Symbol(react.forward_ref),
                  "render": [Function],
                },
                "__esModule": true,
                "default": "jest.svg",
              }
            }
            title="Jest"
            width="50"
          />
        </div>
      </a>
    </div>
    <div
      className="item"
    >
      <a
        data-test="stack-item-link"
        href="https://babeljs.io/"
        rel="noopener noreferrer"
        target="_blank"
      >
        <div
          className="container"
        >
          <img
            alt="Babel"
            className="image"
            height="64"
            loading="lazy"
            src={
              Object {
                "ReactComponent": Object {
                  "$$typeof": Symbol(react.forward_ref),
                  "render": [Function],
                },
                "__esModule": true,
                "default": "babel.svg",
              }
            }
            title="Babel"
            width="140"
          />
        </div>
      </a>
    </div>
    <div
      className="item"
    >
      <a
        data-test="stack-item-link"
        href="https://www.cypress.io/"
        rel="noopener noreferrer"
        target="_blank"
      >
        <div
          className="container"
        >
          <img
            alt="Cypress"
            className="image"
            height="60"
            loading="lazy"
            src={
              Object {
                "ReactComponent": Object {
                  "$$typeof": Symbol(react.forward_ref),
                  "render": [Function],
                },
                "__esModule": true,
                "default": "cypress.svg",
              }
            }
            title="Cypress"
            width="60"
          />
        </div>
      </a>
    </div>
    <div
      className="item"
    >
      <a
        data-test="stack-item-link"
        href="https://sass-lang.com/"
        rel="noopener noreferrer"
        target="_blank"
      >
        <div
          className="container"
        >
          <img
            alt="SASS"
            className="image"
            height="53"
            loading="lazy"
            src={
              Object {
                "ReactComponent": Object {
                  "$$typeof": Symbol(react.forward_ref),
                  "render": [Function],
                },
                "__esModule": true,
                "default": "sass.svg",
              }
            }
            title="SASS"
            width="70"
          />
        </div>
      </a>
    </div>
    <div
      className="item"
    >
      <a
        data-test="stack-item-link"
        href="https://code.visualstudio.com/"
        rel="noopener noreferrer"
        target="_blank"
      >
        <div
          className="container"
        >
          <img
            alt="VSCode"
            className="image"
            height="55"
            loading="lazy"
            src={
              Object {
                "ReactComponent": Object {
                  "$$typeof": Symbol(react.forward_ref),
                  "render": [Function],
                },
                "__esModule": true,
                "default": "vscode.svg",
              }
            }
            title="VSCode"
            width="55"
          />
        </div>
      </a>
    </div>
    <div
      className="item"
    >
      <a
        data-test="stack-item-link"
        href="https://git-scm.com/"
        rel="noopener noreferrer"
        target="_blank"
      >
        <div
          className="container"
        >
          <img
            alt="Git"
            className="image"
            height="44"
            loading="lazy"
            src={
              Object {
                "ReactComponent": Object {
                  "$$typeof": Symbol(react.forward_ref),
                  "render": [Function],
                },
                "__esModule": true,
                "default": "git.svg",
              }
            }
            title="Git"
            width="105"
          />
        </div>
      </a>
    </div>
    <div
      className="item"
    >
      <a
        data-test="stack-item-link"
        href="https://postcss.org/"
        rel="noopener noreferrer"
        target="_blank"
      >
        <div
          className="container"
        >
          <img
            alt="PostCSS"
            className="image"
            height="60"
            loading="lazy"
            src={
              Object {
                "ReactComponent": Object {
                  "$$typeof": Symbol(react.forward_ref),
                  "render": [Function],
                },
                "__esModule": true,
                "default": "postcss.svg",
              }
            }
            title="PostCSS"
            width="60"
          />
        </div>
      </a>
    </div>
    <div
      className="item"
    >
      <a
        data-test="stack-item-link"
        href="https://www.netlify.com/"
        rel="noopener noreferrer"
        target="_blank"
      >
        <div
          className="container"
        >
          <img
            alt="Netlify"
            className="image"
            height="38"
            loading="lazy"
            src={
              Object {
                "ReactComponent": Object {
                  "$$typeof": Symbol(react.forward_ref),
                  "render": [Function],
                },
                "__esModule": true,
                "default": "netlify.svg",
              }
            }
            title="Netlify"
            width="140"
          />
        </div>
      </a>
    </div>
    <div
      className="item"
    >
      <a
        data-test="stack-item-link"
        href="https://graphql.org/"
        rel="noopener noreferrer"
        target="_blank"
      >
        <div
          className="container"
        >
          <img
            alt="GraphQL"
            className="image"
            height="55"
            loading="lazy"
            src={
              Object {
                "ReactComponent": Object {
                  "$$typeof": Symbol(react.forward_ref),
                  "render": [Function],
                },
                "__esModule": true,
                "default": "graphql.svg",
              }
            }
            title="GraphQL"
            width="55"
          />
        </div>
      </a>
    </div>
  </div>,
]
`;
