// Jest Snapshot v1, https://goo.gl/fbAQLP

exports[`CurrentStack should match snapshot 1`] = `
Array [
  <div
    className="heading headingPrimary"
  >
    <h2
      aria-label="Current Stack"
      className="title"
      data-test="heading-title"
    >
      Current Stack
    </h2>
    <p
      data-test="heading-description"
    >
      I spend most of my time with these technologies / tools / methodologies
    </p>
  </div>,
  <div
    className="stack"
    data-test="stack-items"
  >
    <div
      className="item"
    >
      <a
        data-test="stack-item-link"
        href="https://reactjs.org/"
        rel="noopener noreferrer"
        target="_blank"
      >
        <picture
          data-e2e="picture"
          title="React"
        >
          <source
            data-test="picture-source-0"
            srcSet={
              Object {
                "ReactComponent": Object {
                  "$$typeof": Symbol(react.forward_ref),
                  "render": [Function],
                },
                "__esModule": true,
                "default": "react.svg",
              }
            }
            type="image/svg"
          />
          <img
            alt="React"
            className="img"
            data-e2e="picture-img"
            data-test="picture-img"
            loading="lazy"
            src={
              Object {
                "ReactComponent": Object {
                  "$$typeof": Symbol(react.forward_ref),
                  "render": [Function],
                },
                "__esModule": true,
                "default": "react.svg",
              }
            }
            width="65"
          />
        </picture>
      </a>
    </div>
    <div
      className="item"
    >
      <a
        data-test="stack-item-link"
        href="https://nodejs.org/en/"
        rel="noopener noreferrer"
        target="_blank"
      >
        <picture
          data-e2e="picture"
          title="NodeJS"
        >
          <source
            data-test="picture-source-0"
            srcSet={
              Object {
                "ReactComponent": Object {
                  "$$typeof": Symbol(react.forward_ref),
                  "render": [Function],
                },
                "__esModule": true,
                "default": "nodejs.svg",
              }
            }
            type="image/svg"
          />
          <img
            alt="NodeJS"
            className="img"
            data-e2e="picture-img"
            data-test="picture-img"
            loading="lazy"
            src={
              Object {
                "ReactComponent": Object {
                  "$$typeof": Symbol(react.forward_ref),
                  "render": [Function],
                },
                "__esModule": true,
                "default": "nodejs.svg",
              }
            }
            width="90"
          />
        </picture>
      </a>
    </div>
    <div
      className="item"
    >
      <a
        data-test="stack-item-link"
        href="https://vuejs.org/"
        rel="noopener noreferrer"
        target="_blank"
      >
        <picture
          data-e2e="picture"
          title="VueJS"
        >
          <source
            data-test="picture-source-0"
            srcSet={
              Object {
                "ReactComponent": Object {
                  "$$typeof": Symbol(react.forward_ref),
                  "render": [Function],
                },
                "__esModule": true,
                "default": "vuejs.svg",
              }
            }
            type="image/svg"
          />
          <img
            alt="VueJS"
            className="img"
            data-e2e="picture-img"
            data-test="picture-img"
            loading="lazy"
            src={
              Object {
                "ReactComponent": Object {
                  "$$typeof": Symbol(react.forward_ref),
                  "render": [Function],
                },
                "__esModule": true,
                "default": "vuejs.svg",
              }
            }
            width="60"
          />
        </picture>
      </a>
    </div>
    <div
      className="item"
    >
      <a
        data-test="stack-item-link"
        href="https://www.npmjs.com/"
        rel="noopener noreferrer"
        target="_blank"
      >
        <picture
          data-e2e="picture"
          title="NPM"
        >
          <source
            data-test="picture-source-0"
            srcSet={
              Object {
                "ReactComponent": Object {
                  "$$typeof": Symbol(react.forward_ref),
                  "render": [Function],
                },
                "__esModule": true,
                "default": "npm.svg",
              }
            }
            type="image/svg"
          />
          <img
            alt="NPM"
            className="img"
            data-e2e="picture-img"
            data-test="picture-img"
            loading="lazy"
            src={
              Object {
                "ReactComponent": Object {
                  "$$typeof": Symbol(react.forward_ref),
                  "render": [Function],
                },
                "__esModule": true,
                "default": "npm.svg",
              }
            }
            width="90"
          />
        </picture>
      </a>
    </div>
    <div
      className="item"
    >
      <a
        data-test="stack-item-link"
        href="https://webpack.js.org/"
        rel="noopener noreferrer"
        target="_blank"
      >
        <picture
          data-e2e="picture"
          title="Webpack"
        >
          <source
            data-test="picture-source-0"
            srcSet={
              Object {
                "ReactComponent": Object {
                  "$$typeof": Symbol(react.forward_ref),
                  "render": [Function],
                },
                "__esModule": true,
                "default": "webpack.svg",
              }
            }
            type="image/svg"
          />
          <img
            alt="Webpack"
            className="img"
            data-e2e="picture-img"
            data-test="picture-img"
            loading="lazy"
            src={
              Object {
                "ReactComponent": Object {
                  "$$typeof": Symbol(react.forward_ref),
                  "render": [Function],
                },
                "__esModule": true,
                "default": "webpack.svg",
              }
            }
            width="75"
          />
        </picture>
      </a>
    </div>
    <div
      className="item"
    >
      <a
        data-test="stack-item-link"
        href="https://yarnpkg.com"
        rel="noopener noreferrer"
        target="_blank"
      >
        <picture
          data-e2e="picture"
          title="Yarn"
        >
          <source
            data-test="picture-source-0"
            srcSet={
              Object {
                "ReactComponent": Object {
                  "$$typeof": Symbol(react.forward_ref),
                  "render": [Function],
                },
                "__esModule": true,
                "default": "yarn.svg",
              }
            }
            type="image/svg"
          />
          <img
            alt="Yarn"
            className="img"
            data-e2e="picture-img"
            data-test="picture-img"
            loading="lazy"
            src={
              Object {
                "ReactComponent": Object {
                  "$$typeof": Symbol(react.forward_ref),
                  "render": [Function],
                },
                "__esModule": true,
                "default": "yarn.svg",
              }
            }
            width="130"
          />
        </picture>
      </a>
    </div>
    <div
      className="item"
    >
      <a
        data-test="stack-item-link"
        href="https://eslint.org/"
        rel="noopener noreferrer"
        target="_blank"
      >
        <picture
          data-e2e="picture"
          title="ESLint"
        >
          <source
            data-test="picture-source-0"
            srcSet={
              Object {
                "ReactComponent": Object {
                  "$$typeof": Symbol(react.forward_ref),
                  "render": [Function],
                },
                "__esModule": true,
                "default": "eslint.svg",
              }
            }
            type="image/svg"
          />
          <img
            alt="ESLint"
            className="img"
            data-e2e="picture-img"
            data-test="picture-img"
            loading="lazy"
            src={
              Object {
                "ReactComponent": Object {
                  "$$typeof": Symbol(react.forward_ref),
                  "render": [Function],
                },
                "__esModule": true,
                "default": "eslint.svg",
              }
            }
            width="75"
          />
        </picture>
      </a>
    </div>
    <div
      className="item"
    >
      <a
        data-test="stack-item-link"
        href="https://jestjs.io/"
        rel="noopener noreferrer"
        target="_blank"
      >
        <picture
          data-e2e="picture"
          title="Jest"
        >
          <source
            data-test="picture-source-0"
            srcSet={
              Object {
                "ReactComponent": Object {
                  "$$typeof": Symbol(react.forward_ref),
                  "render": [Function],
                },
                "__esModule": true,
                "default": "jest.svg",
              }
            }
            type="image/svg"
          />
          <img
            alt="Jest"
            className="img"
            data-e2e="picture-img"
            data-test="picture-img"
            loading="lazy"
            src={
              Object {
                "ReactComponent": Object {
                  "$$typeof": Symbol(react.forward_ref),
                  "render": [Function],
                },
                "__esModule": true,
                "default": "jest.svg",
              }
            }
            width="50"
          />
        </picture>
      </a>
    </div>
    <div
      className="item"
    >
      <a
        data-test="stack-item-link"
        href="https://babeljs.io/"
        rel="noopener noreferrer"
        target="_blank"
      >
        <picture
          data-e2e="picture"
          title="Babel"
        >
          <source
            data-test="picture-source-0"
            srcSet={
              Object {
                "ReactComponent": Object {
                  "$$typeof": Symbol(react.forward_ref),
                  "render": [Function],
                },
                "__esModule": true,
                "default": "babel.svg",
              }
            }
            type="image/svg"
          />
          <img
            alt="Babel"
            className="img"
            data-e2e="picture-img"
            data-test="picture-img"
            loading="lazy"
            src={
              Object {
                "ReactComponent": Object {
                  "$$typeof": Symbol(react.forward_ref),
                  "render": [Function],
                },
                "__esModule": true,
                "default": "babel.svg",
              }
            }
            width="140"
          />
        </picture>
      </a>
    </div>
    <div
      className="item"
    >
      <a
        data-test="stack-item-link"
        href="https://www.cypress.io/"
        rel="noopener noreferrer"
        target="_blank"
      >
        <picture
          data-e2e="picture"
          title="Cypress"
        >
          <source
            data-test="picture-source-0"
            srcSet={
              Object {
                "ReactComponent": Object {
                  "$$typeof": Symbol(react.forward_ref),
                  "render": [Function],
                },
                "__esModule": true,
                "default": "cypress.svg",
              }
            }
            type="image/svg"
          />
          <img
            alt="Cypress"
            className="img"
            data-e2e="picture-img"
            data-test="picture-img"
            loading="lazy"
            src={
              Object {
                "ReactComponent": Object {
                  "$$typeof": Symbol(react.forward_ref),
                  "render": [Function],
                },
                "__esModule": true,
                "default": "cypress.svg",
              }
            }
            width="60"
          />
        </picture>
      </a>
    </div>
    <div
      className="item"
    >
      <a
        data-test="stack-item-link"
        href="https://sass-lang.com/"
        rel="noopener noreferrer"
        target="_blank"
      >
        <picture
          data-e2e="picture"
          title="SCSS"
        >
          <source
            data-test="picture-source-0"
            srcSet={
              Object {
                "ReactComponent": Object {
                  "$$typeof": Symbol(react.forward_ref),
                  "render": [Function],
                },
                "__esModule": true,
                "default": "sass.svg",
              }
            }
            type="image/svg"
          />
          <img
            alt="SCSS"
            className="img"
            data-e2e="picture-img"
            data-test="picture-img"
            loading="lazy"
            src={
              Object {
                "ReactComponent": Object {
                  "$$typeof": Symbol(react.forward_ref),
                  "render": [Function],
                },
                "__esModule": true,
                "default": "sass.svg",
              }
            }
            width="70"
          />
        </picture>
      </a>
    </div>
    <div
      className="item"
    >
      <a
        data-test="stack-item-link"
        href="https://code.visualstudio.com/"
        rel="noopener noreferrer"
        target="_blank"
      >
        <picture
          data-e2e="picture"
          title="VSCode"
        >
          <source
            data-test="picture-source-0"
            srcSet={
              Object {
                "ReactComponent": Object {
                  "$$typeof": Symbol(react.forward_ref),
                  "render": [Function],
                },
                "__esModule": true,
                "default": "vscode.svg",
              }
            }
            type="image/svg"
          />
          <img
            alt="VSCode"
            className="img"
            data-e2e="picture-img"
            data-test="picture-img"
            loading="lazy"
            src={
              Object {
                "ReactComponent": Object {
                  "$$typeof": Symbol(react.forward_ref),
                  "render": [Function],
                },
                "__esModule": true,
                "default": "vscode.svg",
              }
            }
            width="55"
          />
        </picture>
      </a>
    </div>
    <div
      className="item"
    >
      <a
        data-test="stack-item-link"
        href="https://git-scm.com/"
        rel="noopener noreferrer"
        target="_blank"
      >
        <picture
          data-e2e="picture"
          title="Git"
        >
          <source
            data-test="picture-source-0"
            srcSet={
              Object {
                "ReactComponent": Object {
                  "$$typeof": Symbol(react.forward_ref),
                  "render": [Function],
                },
                "__esModule": true,
                "default": "git.svg",
              }
            }
            type="image/svg"
          />
          <img
            alt="Git"
            className="img"
            data-e2e="picture-img"
            data-test="picture-img"
            loading="lazy"
            src={
              Object {
                "ReactComponent": Object {
                  "$$typeof": Symbol(react.forward_ref),
                  "render": [Function],
                },
                "__esModule": true,
                "default": "git.svg",
              }
            }
            width="105"
          />
        </picture>
      </a>
    </div>
    <div
      className="item"
    >
      <a
        data-test="stack-item-link"
        href="https://postcss.org/"
        rel="noopener noreferrer"
        target="_blank"
      >
        <picture
          data-e2e="picture"
          title="PostCSS"
        >
          <source
            data-test="picture-source-0"
            srcSet={
              Object {
                "ReactComponent": Object {
                  "$$typeof": Symbol(react.forward_ref),
                  "render": [Function],
                },
                "__esModule": true,
                "default": "postcss.svg",
              }
            }
            type="image/svg"
          />
          <img
            alt="PostCSS"
            className="img"
            data-e2e="picture-img"
            data-test="picture-img"
            loading="lazy"
            src={
              Object {
                "ReactComponent": Object {
                  "$$typeof": Symbol(react.forward_ref),
                  "render": [Function],
                },
                "__esModule": true,
                "default": "postcss.svg",
              }
            }
            width="60"
          />
        </picture>
      </a>
    </div>
    <div
      className="item"
    >
      <a
        data-test="stack-item-link"
        href="https://www.netlify.com/"
        rel="noopener noreferrer"
        target="_blank"
      >
        <picture
          data-e2e="picture"
          title="Netlify"
        >
          <source
            data-test="picture-source-0"
            srcSet={
              Object {
                "ReactComponent": Object {
                  "$$typeof": Symbol(react.forward_ref),
                  "render": [Function],
                },
                "__esModule": true,
                "default": "netlify.svg",
              }
            }
            type="image/svg"
          />
          <img
            alt="Netlify"
            className="img"
            data-e2e="picture-img"
            data-test="picture-img"
            loading="lazy"
            src={
              Object {
                "ReactComponent": Object {
                  "$$typeof": Symbol(react.forward_ref),
                  "render": [Function],
                },
                "__esModule": true,
                "default": "netlify.svg",
              }
            }
            width="140"
          />
        </picture>
      </a>
    </div>
    <div
      className="item"
    >
      <a
        data-test="stack-item-link"
        href="https://graphql.org/"
        rel="noopener noreferrer"
        target="_blank"
      >
        <picture
          data-e2e="picture"
          title="GraphQL"
        >
          <source
            data-test="picture-source-0"
            srcSet={
              Object {
                "ReactComponent": Object {
                  "$$typeof": Symbol(react.forward_ref),
                  "render": [Function],
                },
                "__esModule": true,
                "default": "graphql.svg",
              }
            }
            type="image/svg"
          />
          <img
            alt="GraphQL"
            className="img"
            data-e2e="picture-img"
            data-test="picture-img"
            loading="lazy"
            src={
              Object {
                "ReactComponent": Object {
                  "$$typeof": Symbol(react.forward_ref),
                  "render": [Function],
                },
                "__esModule": true,
                "default": "graphql.svg",
              }
            }
            width="55"
          />
        </picture>
      </a>
    </div>
  </div>,
]
`;
