// Vitest Snapshot v1, https://vitest.dev/guide/snapshot.html

exports[`CurrentStackItems > should match snapshot 1`] = `
<div
  className="_stack_2bf000"
  data-test="stack-items"
>
  <div
    className="_item_2bf000"
  >
    <a
      data-test="stack-item-link"
      href="url"
      rel="noopener noreferrer"
      target="_blank"
    >
      <div
        className="_container_4c41c3"
      >
        <img
          alt="react"
          className="_image_4c41c3"
          loading="lazy"
          src="file:///H:/projects/portfolio/src/components/CurrentStack/img/react.svg"
          title="react"
          width="65"
        />
      </div>
    </a>
  </div>
  <div
    className="_item_2bf000"
  >
    <a
      data-test="stack-item-link"
      href="url"
      rel="noopener noreferrer"
      target="_blank"
    >
      <div
        className="_container_4c41c3"
      >
        <img
          alt="nodejs"
          className="_image_4c41c3"
          loading="lazy"
          src="file:///H:/projects/portfolio/src/components/CurrentStack/img/nodejs.svg"
          title="nodejs"
          width="90"
        />
      </div>
    </a>
  </div>
</div>
`;
