// Jest Snapshot v1, https://goo.gl/fbAQLP

exports[`CurrentStackItem should match snapshot 1`] = `
<DocumentFragment>
  <div
    class="item"
    data-testid="stack-item"
  >
    <a
      data-testid="stack-item-link"
      href="test url"
      rel="noopener noreferrer"
      target="_blank"
    >
      <div
        class="container"
      >
        <img
          alt="babel"
          class="image"
          height="50"
          loading="lazy"
          src="[object Object]"
          title="babel"
          width="50"
        />
      </div>
    </a>
  </div>
</DocumentFragment>
`;
