// Jest Snapshot v1, https://goo.gl/fbAQLP

exports[`CurrentStackItems should match snapshot 1`] = `
<DocumentFragment>
  <div
    class="stack"
    data-test="stack-items"
  >
    <div
      class="item"
      data-testid="stack-item"
    >
      <a
        data-testid="stack-item-link"
        href="url"
        rel="noopener noreferrer"
        target="_blank"
      >
        <div
          class="container"
        >
          <img
            alt="react"
            class="image"
            height="50"
            loading="lazy"
            src="[object Object]"
            title="react"
            width="65"
          />
        </div>
      </a>
    </div>
    <div
      class="item"
      data-testid="stack-item"
    >
      <a
        data-testid="stack-item-link"
        href="url"
        rel="noopener noreferrer"
        target="_blank"
      >
        <div
          class="container"
        >
          <img
            alt="nodejs"
            class="image"
            height="50"
            loading="lazy"
            src="[object Object]"
            title="nodejs"
            width="90"
          />
        </div>
      </a>
    </div>
  </div>
</DocumentFragment>
`;
