// Vitest Snapshot v1, https://vitest.dev/guide/snapshot.html

exports[`CurrentStack > should match snapshot 1`] = `
[
  <div
    className="_heading_f4f7a7 _headingPrimary_f4f7a7"
  >
    <h2
      aria-label="Current Stack"
      className="_title_f4f7a7"
      data-test="heading-title"
    >
      Current Stack
    </h2>
    <p
      className="_description_f4f7a7"
      data-test="heading-description"
    >
      I spend most of my time with these technologies / tools / methodologies
    </p>
  </div>,
  <div
    className="_stack_2bf000"
    data-test="stack-items"
  >
    <div
      className="_item_2bf000"
    >
      <a
        data-test="stack-item-link"
        href="https://reactjs.org/"
        rel="noopener noreferrer"
        target="_blank"
      >
        <div
          className="_container_4c41c3"
        >
          <img
            alt="React"
            className="_image_4c41c3"
            height="58"
            loading="lazy"
            src="file:///H:/projects/portfolio/src/components/CurrentStack/img/react.svg"
            title="React"
            width="65"
          />
        </div>
      </a>
    </div>
    <div
      className="_item_2bf000"
    >
      <a
        data-test="stack-item-link"
        href="https://nodejs.org/en/"
        rel="noopener noreferrer"
        target="_blank"
      >
        <div
          className="_container_4c41c3"
        >
          <img
            alt="NodeJS"
            className="_image_4c41c3"
            height="55"
            loading="lazy"
            src="file:///H:/projects/portfolio/src/components/CurrentStack/img/nodejs.svg"
            title="NodeJS"
            width="90"
          />
        </div>
      </a>
    </div>
    <div
      className="_item_2bf000"
    >
      <a
        data-test="stack-item-link"
        href="https://vuejs.org/"
        rel="noopener noreferrer"
        target="_blank"
      >
        <div
          className="_container_4c41c3"
        >
          <img
            alt="VueJS"
            className="_image_4c41c3"
            height="62"
            loading="lazy"
            src="file:///H:/projects/portfolio/src/components/CurrentStack/img/vuejs.svg"
            title="VueJS"
            width="60"
          />
        </div>
      </a>
    </div>
    <div
      className="_item_2bf000"
    >
      <a
        data-test="stack-item-link"
        href="https://www.npmjs.com/"
        rel="noopener noreferrer"
        target="_blank"
      >
        <div
          className="_container_4c41c3"
        >
          <img
            alt="NPM"
            className="_image_4c41c3"
            height="35"
            loading="lazy"
            src="file:///H:/projects/portfolio/src/components/CurrentStack/img/npm.svg"
            title="NPM"
            width="90"
          />
        </div>
      </a>
    </div>
    <div
      className="_item_2bf000"
    >
      <a
        data-test="stack-item-link"
        href="https://webpack.js.org/"
        rel="noopener noreferrer"
        target="_blank"
      >
        <div
          className="_container_4c41c3"
        >
          <img
            alt="Webpack"
            className="_image_4c41c3"
            height="75"
            loading="lazy"
            src="file:///H:/projects/portfolio/src/components/CurrentStack/img/webpack.svg"
            title="Webpack"
            width="75"
          />
        </div>
      </a>
    </div>
    <div
      className="_item_2bf000"
    >
      <a
        data-test="stack-item-link"
        href="https://yarnpkg.com"
        rel="noopener noreferrer"
        target="_blank"
      >
        <div
          className="_container_4c41c3"
        >
          <img
            alt="Yarn"
            className="_image_4c41c3"
            height="58"
            loading="lazy"
            src="file:///H:/projects/portfolio/src/components/CurrentStack/img/yarn.svg"
            title="Yarn"
            width="130"
          />
        </div>
      </a>
    </div>
    <div
      className="_item_2bf000"
    >
      <a
        data-test="stack-item-link"
        href="https://eslint.org/"
        rel="noopener noreferrer"
        target="_blank"
      >
        <div
          className="_container_4c41c3"
        >
          <img
            alt="ESLint"
            className="_image_4c41c3"
            height="66"
            loading="lazy"
            src="file:///H:/projects/portfolio/src/components/CurrentStack/img/eslint.svg"
            title="ESLint"
            width="75"
          />
        </div>
      </a>
    </div>
    <div
      className="_item_2bf000"
    >
      <a
        data-test="stack-item-link"
        href="https://jestjs.io/"
        rel="noopener noreferrer"
        target="_blank"
      >
        <div
          className="_container_4c41c3"
        >
          <img
            alt="Jest"
            className="_image_4c41c3"
            height="55"
            loading="lazy"
            src="file:///H:/projects/portfolio/src/components/CurrentStack/img/jest.svg"
            title="Jest"
            width="50"
          />
        </div>
      </a>
    </div>
    <div
      className="_item_2bf000"
    >
      <a
        data-test="stack-item-link"
        href="https://babeljs.io/"
        rel="noopener noreferrer"
        target="_blank"
      >
        <div
          className="_container_4c41c3"
        >
          <img
            alt="Babel"
            className="_image_4c41c3"
            height="64"
            loading="lazy"
            src="file:///H:/projects/portfolio/src/components/CurrentStack/img/babel.svg"
            title="Babel"
            width="140"
          />
        </div>
      </a>
    </div>
    <div
      className="_item_2bf000"
    >
      <a
        data-test="stack-item-link"
        href="https://www.cypress.io/"
        rel="noopener noreferrer"
        target="_blank"
      >
        <div
          className="_container_4c41c3"
        >
          <img
            alt="Cypress"
            className="_image_4c41c3"
            height="60"
            loading="lazy"
            src="file:///H:/projects/portfolio/src/components/CurrentStack/img/cypress.svg"
            title="Cypress"
            width="60"
          />
        </div>
      </a>
    </div>
    <div
      className="_item_2bf000"
    >
      <a
        data-test="stack-item-link"
        href="https://sass-lang.com/"
        rel="noopener noreferrer"
        target="_blank"
      >
        <div
          className="_container_4c41c3"
        >
          <img
            alt="SASS"
            className="_image_4c41c3"
            height="53"
            loading="lazy"
            src="file:///H:/projects/portfolio/src/components/CurrentStack/img/sass.svg"
            title="SASS"
            width="70"
          />
        </div>
      </a>
    </div>
    <div
      className="_item_2bf000"
    >
      <a
        data-test="stack-item-link"
        href="https://code.visualstudio.com/"
        rel="noopener noreferrer"
        target="_blank"
      >
        <div
          className="_container_4c41c3"
        >
          <img
            alt="VSCode"
            className="_image_4c41c3"
            height="55"
            loading="lazy"
            src="file:///H:/projects/portfolio/src/components/CurrentStack/img/vscode.svg"
            title="VSCode"
            width="55"
          />
        </div>
      </a>
    </div>
    <div
      className="_item_2bf000"
    >
      <a
        data-test="stack-item-link"
        href="https://git-scm.com/"
        rel="noopener noreferrer"
        target="_blank"
      >
        <div
          className="_container_4c41c3"
        >
          <img
            alt="Git"
            className="_image_4c41c3"
            height="44"
            loading="lazy"
            src="file:///H:/projects/portfolio/src/components/CurrentStack/img/git.svg"
            title="Git"
            width="105"
          />
        </div>
      </a>
    </div>
    <div
      className="_item_2bf000"
    >
      <a
        data-test="stack-item-link"
        href="https://postcss.org/"
        rel="noopener noreferrer"
        target="_blank"
      >
        <div
          className="_container_4c41c3"
        >
          <img
            alt="PostCSS"
            className="_image_4c41c3"
            height="60"
            loading="lazy"
            src="file:///H:/projects/portfolio/src/components/CurrentStack/img/postcss.svg"
            title="PostCSS"
            width="60"
          />
        </div>
      </a>
    </div>
    <div
      className="_item_2bf000"
    >
      <a
        data-test="stack-item-link"
        href="https://www.netlify.com/"
        rel="noopener noreferrer"
        target="_blank"
      >
        <div
          className="_container_4c41c3"
        >
          <img
            alt="Netlify"
            className="_image_4c41c3"
            height="38"
            loading="lazy"
            src="file:///H:/projects/portfolio/src/components/CurrentStack/img/netlify.svg"
            title="Netlify"
            width="140"
          />
        </div>
      </a>
    </div>
    <div
      className="_item_2bf000"
    >
      <a
        data-test="stack-item-link"
        href="https://graphql.org/"
        rel="noopener noreferrer"
        target="_blank"
      >
        <div
          className="_container_4c41c3"
        >
          <img
            alt="GraphQL"
            className="_image_4c41c3"
            height="55"
            loading="lazy"
            src="file:///H:/projects/portfolio/src/components/CurrentStack/img/graphql.svg"
            title="GraphQL"
            width="55"
          />
        </div>
      </a>
    </div>
  </div>,
]
`;
