// Jest Snapshot v1, https://goo.gl/fbAQLP

exports[`CurrentStackItem should match snapshot 1`] = `
<div
  className="item"
>
  <a
    data-test="stack-item-link"
    href="test url"
    rel="noopener noreferrer"
    target="_blank"
  >
    <img
      alt="test name"
      className="img"
      loading="lazy"
      src={
        Object {
          "ReactComponent": Object {
            "$$typeof": Symbol(react.forward_ref),
            "render": [Function],
          },
          "__esModule": true,
          "default": "babel.svg",
        }
      }
      title="test name"
      width="50"
    />
  </a>
</div>
`;
