// Jest Snapshot v1, https://goo.gl/fbAQLP

exports[`StackItem should match snapshot 1`] = `
<div
  className="item"
>
  <a
    href=""
    rel="noopener noreferrer"
    target="_blank"
  >
    <img
      alt=""
      className="img"
      src={
        Object {
          "ReactComponent": Object {
            "$$typeof": Symbol(react.forward_ref),
            "render": [Function],
          },
          "__esModule": true,
          "default": "babel.svg",
        }
      }
      title=""
      width=""
    />
  </a>
</div>
`;
